------------------------------------------------------------
TimeQuest Timing Analyzer Summary
------------------------------------------------------------

Type  : Slow 1200mV 85C Model Setup 'DeBounce:db2|DB_out'
Slack : -132.828
TNS   : -30316.694

Type  : Slow 1200mV 85C Model Setup 'clk_fpga'
Slack : -2.294
TNS   : -28.697

Type  : Slow 1200mV 85C Model Hold 'DeBounce:db2|DB_out'
Slack : 0.421
TNS   : 0.000

Type  : Slow 1200mV 85C Model Hold 'clk_fpga'
Slack : 0.438
TNS   : 0.000

Type  : Slow 1200mV 85C Model Minimum Pulse Width 'clk_fpga'
Slack : -3.000
TNS   : -38.980

Type  : Slow 1200mV 85C Model Minimum Pulse Width 'DeBounce:db2|DB_out'
Slack : -2.693
TNS   : -372.103

Type  : Slow 1200mV 0C Model Setup 'DeBounce:db2|DB_out'
Slack : -119.934
TNS   : -27371.879

Type  : Slow 1200mV 0C Model Setup 'clk_fpga'
Slack : -2.054
TNS   : -23.695

Type  : Slow 1200mV 0C Model Hold 'clk_fpga'
Slack : 0.404
TNS   : 0.000

Type  : Slow 1200mV 0C Model Hold 'DeBounce:db2|DB_out'
Slack : 0.431
TNS   : 0.000

Type  : Slow 1200mV 0C Model Minimum Pulse Width 'clk_fpga'
Slack : -3.000
TNS   : -38.980

Type  : Slow 1200mV 0C Model Minimum Pulse Width 'DeBounce:db2|DB_out'
Slack : -2.649
TNS   : -371.839

Type  : Fast 1200mV 0C Model Setup 'DeBounce:db2|DB_out'
Slack : -65.405
TNS   : -14905.221

Type  : Fast 1200mV 0C Model Setup 'clk_fpga'
Slack : -0.712
TNS   : -1.586

Type  : Fast 1200mV 0C Model Hold 'DeBounce:db2|DB_out'
Slack : 0.161
TNS   : 0.000

Type  : Fast 1200mV 0C Model Hold 'clk_fpga'
Slack : 0.194
TNS   : 0.000

Type  : Fast 1200mV 0C Model Minimum Pulse Width 'clk_fpga'
Slack : -3.000
TNS   : -32.708

Type  : Fast 1200mV 0C Model Minimum Pulse Width 'DeBounce:db2|DB_out'
Slack : -1.000
TNS   : -283.000

------------------------------------------------------------
